sysALib.o 
aimCacheLib.o 
sysLib.o 
cacheColdALib.o 
cacheSplitALib.o 
usrAppInit.o 
prjConfig.o 
linkSyms.o 
daefunc.o 
daeinit.o 
dbase.o 
dbaseinit.o 
dbfunc.o 
parafunc.o 
relayfunc.o 
relayinit.o 
st7529.o 
flexcan.o 
m5234timer.o 
sja1000.o 
canlink.o 
candrv.o 
netentry.o 
csocket.o 
ttydrv.o 
misi.o 
serial.o 
clink.o 
appcore.o 
debug.o 
vx_file.o 
absos.o 
main.o 
osvxwork.o 
platform.o 
di.o 
max11046.o 
port.o 
protocol.o 
scanbus.o 
bo.o 
r8025.o 
m5234iic.o 
m5234spi.o 
m5234module.o 
wdog.o 
s29al032d.o 
debugcom.o 
shell.o 
led.o 
time.o 
aa1024.o 
testtask.o 
Newne2000.o 
AsciiDot.o 
hzk16.o 
HmiApp.o 
HmiButton.o 
HmiDataList.o 
HmiDataStatic.o 
HmiEdit.o 
HmiList.o 
HmiMsgBox.o 
HmiObj.o 
HmiSettingChgWnd.o 
HmiStatic.o 
HmiWnd.o 
LCDMem.o 
relayfun.o 
HmiCombo.o 
RelayMemInit.o 
Logicmem.o 
Logic.o 
UserLogic.o 
ad7782.o 
m5234uart.o 
etpu_ic.o 
etpu_ppa.o 
etpu_pwm.o 
etpu_util.o 
etpu_app.o 
etpu_cfg.o 
etpu_gpio.o 
Translator.o 
Relay_defs.o 
siec103.o 
HmiGraphWnd.o 
HmiDBI.o 
mapbit.o 
ai.o 
Relaymem.o 
relay.o 
BitmapData.o 
LcdApp.o 
LcdFunction.o 
fltask.o 
PassCal.o 
siec104.o 
s104gm.o 
